2026-06-14 17:06:10,688 - DEBUG - [cli] CodeTwin CLI instanciada (verbose=False, quiet=False)
2026-06-14 17:06:10,688 - INFO - [cli] Extraindo métricas avançadas para: https://github.com/pallets/flask
2026-06-14 17:06:10,689 - ERROR - [cli] Arquivo ou dependência não encontrada: O executável 'pmd' não foi encontrado no seu sistema.
Para usar o CodeTwin Analyzer, você precisa ter o PMD instalado.

Instruções de instalação:
1. Baixe o PMD em: https://pmd.github.io/
2. Extraia o arquivo ZIP.
3. Adicione a pasta 'bin' do PMD à variável PATH do seu sistema, ou passe o caminho completo do executável ao instanciar o CPDRunner.
2026-06-14 17:28:34,337 - DEBUG - [cli] CodeTwin CLI instanciada (verbose=False, quiet=False)
2026-06-14 17:28:34,337 - INFO - [cli] Extraindo métricas avançadas para: https://github.com/pallets/flask
2026-06-14 17:28:34,337 - ERROR - [cli] Arquivo ou dependência não encontrada: O executável 'pmd' não foi encontrado no seu sistema.
Para usar o CodeTwin Analyzer, você precisa ter o PMD instalado.

Instruções de instalação:
1. Baixe o PMD em: https://pmd.github.io/
2. Extraia o arquivo ZIP.
3. Adicione a pasta 'bin' do PMD à variável PATH do seu sistema, ou passe o caminho completo do executável ao instanciar o CPDRunner.
2026-06-14 17:28:54,244 - DEBUG - [cli] CodeTwin CLI instanciada (verbose=False, quiet=False)
2026-06-14 17:28:54,244 - INFO - [cli] Extraindo métricas avançadas para: https://github.com/pallets/flask
2026-06-14 17:28:54,245 - ERROR - [cli] Arquivo ou dependência não encontrada: O executável 'pmd' não foi encontrado no seu sistema.
Para usar o CodeTwin Analyzer, você precisa ter o PMD instalado.

Instruções de instalação:
1. Baixe o PMD em: https://pmd.github.io/
2. Extraia o arquivo ZIP.
3. Adicione a pasta 'bin' do PMD à variável PATH do seu sistema, ou passe o caminho completo do executável ao instanciar o CPDRunner.
2026-06-14 17:34:29,137 - DEBUG - [cli] CodeTwin CLI instanciada (verbose=False, quiet=False)
2026-06-14 17:34:29,137 - INFO - [cli] Extraindo métricas avançadas para: https://github.com/pallets/flask
2026-06-14 17:34:29,137 - ERROR - [cli] Arquivo ou dependência não encontrada: O executável 'pmd' não foi encontrado no seu sistema.
Para usar o CodeTwin Analyzer, você precisa ter o PMD instalado.

Instruções de instalação:
1. Baixe o PMD em: https://pmd.github.io/
2. Extraia o arquivo ZIP.
3. Adicione a pasta 'bin' do PMD à variável PATH do seu sistema, ou passe o caminho completo do executável ao instanciar o CPDRunner.
2026-06-14 17:34:45,681 - DEBUG - [cli] CodeTwin CLI instanciada (verbose=False, quiet=False)
2026-06-14 17:34:45,681 - INFO - [cli] Extraindo métricas avançadas para: https://github.com/pallets/flask
2026-06-14 17:34:45,681 - ERROR - [cli] Arquivo ou dependência não encontrada: O executável 'pmd' não foi encontrado no seu sistema.
Para usar o CodeTwin Analyzer, você precisa ter o PMD instalado.

Instruções de instalação:
1. Baixe o PMD em: https://pmd.github.io/
2. Extraia o arquivo ZIP.
3. Adicione a pasta 'bin' do PMD à variável PATH do seu sistema, ou passe o caminho completo do executável ao instanciar o CPDRunner.
2026-06-14 17:34:53,535 - DEBUG - [cli] CodeTwin CLI instanciada (verbose=False, quiet=False)
2026-06-14 17:34:53,536 - INFO - [cli] Extraindo métricas avançadas para: https://github.com/pallets/flask
2026-06-14 17:34:53,536 - INFO - [cli] Baixando repositório pallets/flask...
2026-06-14 17:34:58,355 - DEBUG - [cli] Detectando linguagem predominante...
2026-06-14 17:34:58,362 - INFO - [cli] Linguagem predominante identificada: Python
2026-06-14 17:34:58,362 - DEBUG - [cli] Contando linhas físicas de código fonte...
2026-06-14 17:34:58,370 - INFO - [cli] Rodando motor de análise sintática...
2026-06-14 17:34:58,779 - ERROR - [cli] Falha ao executar o PMD CPD:
A execução do CPD falhou (Exit code 2).
Detalhes do erro: Unknown option: '--files'
Possible solutions: --file-list
2026-06-14 17:35:55,573 - DEBUG - [cli] CodeTwin CLI instanciada (verbose=False, quiet=False)
2026-06-14 17:35:55,574 - INFO - [cli] Extraindo métricas avançadas para: https://github.com/pallets/flask
2026-06-14 17:35:55,574 - INFO - [cli] Baixando repositório pallets/flask...
2026-06-14 17:35:58,703 - DEBUG - [cli] Detectando linguagem predominante...
2026-06-14 17:35:58,714 - INFO - [cli] Linguagem predominante identificada: Python
2026-06-14 17:35:58,714 - DEBUG - [cli] Contando linhas físicas de código fonte...
2026-06-14 17:35:58,724 - INFO - [cli] Rodando motor de análise sintática...
2026-06-14 17:36:40,262 - DEBUG - [cli] CodeTwin CLI instanciada (verbose=False, quiet=False)
2026-06-14 17:36:40,263 - INFO - [cli] Extraindo métricas avançadas para: https://github.com/pallets/flask
2026-06-14 17:36:40,263 - INFO - [cli] Baixando repositório pallets/flask...
2026-06-14 17:36:44,162 - DEBUG - [cli] Detectando linguagem predominante...
2026-06-14 17:36:44,169 - INFO - [cli] Linguagem predominante identificada: Python
2026-06-14 17:36:44,169 - DEBUG - [cli] Contando linhas físicas de código fonte...
2026-06-14 17:36:44,178 - INFO - [cli] Rodando motor de análise sintática...
2026-06-14 17:37:02,888 - DEBUG - [cli] CodeTwin CLI instanciada (verbose=False, quiet=False)
2026-06-14 17:37:02,888 - INFO - [cli] Extraindo métricas avançadas para: https://github.com/django/django
2026-06-14 17:37:02,889 - INFO - [cli] Baixando repositório django/django...
2026-06-14 17:37:18,401 - DEBUG - [cli] Detectando linguagem predominante...
2026-06-14 17:37:18,496 - INFO - [cli] Linguagem predominante identificada: Python
2026-06-14 17:37:18,497 - DEBUG - [cli] Contando linhas físicas de código fonte...
2026-06-14 17:37:18,656 - INFO - [cli] Rodando motor de análise sintática...
2026-06-14 17:39:08,255 - DEBUG - [cli] CodeTwin CLI instanciada (verbose=False, quiet=False)
2026-06-14 17:39:08,256 - INFO - [cli] Extraindo métricas avançadas para: https://github.com/pallets/flask
2026-06-14 17:39:08,256 - INFO - [cli] Baixando repositório pallets/flask...
2026-06-14 17:39:10,451 - DEBUG - [cli] Detectando linguagem predominante...
2026-06-14 17:39:10,456 - INFO - [cli] Linguagem predominante identificada: Python
2026-06-14 17:39:10,456 - DEBUG - [cli] Contando linhas físicas de código fonte...
2026-06-14 17:39:10,464 - INFO - [cli] Rodando motor de análise sintática...
2026-06-14 17:39:11,352 - INFO - [cli] Processando o XML e calculando estatísticas...
2026-06-14 17:39:45,479 - DEBUG - [cli] CodeTwin CLI instanciada (verbose=False, quiet=False)
2026-06-14 17:39:45,479 - INFO - [cli] Extraindo métricas avançadas para: https://github.com/pallets/flask
2026-06-14 17:39:45,480 - INFO - [cli] Baixando repositório pallets/flask...
2026-06-14 17:39:49,570 - DEBUG - [cli] Detectando linguagem predominante...
2026-06-14 17:39:49,575 - INFO - [cli] Linguagem predominante identificada: Python
2026-06-14 17:39:49,575 - DEBUG - [cli] Contando linhas físicas de código fonte...
2026-06-14 17:39:49,583 - INFO - [cli] Rodando motor de análise sintática...
2026-06-14 17:39:50,394 - INFO - [cli] Processando o XML e calculando estatísticas...
2026-06-14 17:39:56,944 - DEBUG - [cli] CodeTwin CLI instanciada (verbose=False, quiet=False)
2026-06-14 17:39:56,944 - INFO - [cli] Extraindo métricas avançadas para: https://github.com/django/django
2026-06-14 17:39:56,945 - INFO - [cli] Baixando repositório django/django...
2026-06-14 17:40:23,205 - DEBUG - [cli] Detectando linguagem predominante...
2026-06-14 17:40:23,301 - INFO - [cli] Linguagem predominante identificada: Python
2026-06-14 17:40:23,301 - DEBUG - [cli] Contando linhas físicas de código fonte...
2026-06-14 17:40:23,461 - INFO - [cli] Rodando motor de análise sintática...
2026-06-14 17:40:26,811 - INFO - [cli] Processando o XML e calculando estatísticas...
2026-06-14 17:44:32,060 - DEBUG - [cli] CodeTwin CLI instanciada (verbose=False, quiet=False)
2026-06-14 17:44:32,061 - INFO - [cli] Extraindo métricas avançadas para: https://github.com/django/django
2026-06-14 17:44:32,061 - INFO - [cli] Baixando repositório django/django...
2026-06-14 17:45:11,452 - DEBUG - [cli] Detectando linguagem predominante...
2026-06-14 17:45:11,567 - INFO - [cli] Linguagem predominante identificada: Python
2026-06-14 17:45:11,567 - DEBUG - [cli] Contando linhas físicas de código fonte...
2026-06-14 17:45:11,735 - INFO - [cli] Rodando motor de análise sintática...
2026-06-14 17:45:15,365 - INFO - [cli] Processando o XML, lendo arquivos locais e calculando estatísticas...
2026-06-14 17:45:44,010 - DEBUG - [cli] CodeTwin CLI instanciada (verbose=False, quiet=False)
2026-06-14 17:45:44,010 - INFO - [cli] Extraindo métricas avançadas para: https://github.com/pallets/flask
2026-06-14 17:45:44,011 - INFO - [cli] Baixando repositório pallets/flask...
2026-06-14 17:45:46,379 - DEBUG - [cli] Detectando linguagem predominante...
2026-06-14 17:45:46,384 - INFO - [cli] Linguagem predominante identificada: Python
2026-06-14 17:45:46,384 - DEBUG - [cli] Contando linhas físicas de código fonte...
2026-06-14 17:45:46,392 - INFO - [cli] Rodando motor de análise sintática...
2026-06-14 17:45:47,381 - INFO - [cli] Processando o XML, lendo arquivos locais e calculando estatísticas...
2026-06-14 17:48:21,460 - DEBUG - [cli] CodeTwin CLI instanciada (verbose=metrics, quiet=False)
2026-06-14 17:48:36,691 - DEBUG - [cli] CodeTwin CLI instanciada (verbose=True, quiet=False)
2026-06-14 17:48:36,692 - INFO - [cli] Extraindo métricas avançadas para: https://github.com/django/django
2026-06-14 17:48:36,692 - INFO - [cli] Baixando repositório django/django...
2026-06-14 17:48:57,764 - DEBUG - [cli] Detectando linguagem predominante...
2026-06-14 17:48:57,862 - INFO - [cli] Linguagem predominante identificada: Python
2026-06-14 17:48:57,862 - DEBUG - [cli] Contando linhas físicas de código fonte...
2026-06-14 17:48:58,015 - INFO - [cli] Rodando motor de análise sintática...
2026-06-14 17:49:01,190 - INFO - [cli] Processando o XML, lendo arquivos locais e calculando estatísticas...
